[0m07:26:09.134312 [debug] [MainThread]: Sending event: {'category': 'dbt', 'action': 'invocation', 'label': 'start', 'context': [<snowplow_tracker.self_describing_json.SelfDescribingJson object at 0x7860aa6caf60>, <snowplow_tracker.self_describing_json.SelfDescribingJson object at 0x7860aa3cee10>, <snowplow_tracker.self_describing_json.SelfDescribingJson object at 0x7860aa418c20>]}


============================== 07:26:09.141774 | 0921e02d-e969-4c5c-b721-6532ead993c0 ==============================
[0m07:26:09.141774 [info ] [MainThread]: Running with dbt=1.9.0
[0m07:26:09.142349 [debug] [MainThread]: running dbt with arguments {'printer_width': '80', 'indirect_selection': 'eager', 'log_cache_events': 'False', 'write_json': 'True', 'partial_parse': 'True', 'cache_selected_only': 'False', 'profiles_dir': '/root/.dbt', 'fail_fast': 'False', 'debug': 'False', 'log_path': 'logs', 'warn_error': 'None', 'version_check': 'True', 'use_colors': 'True', 'use_experimental_parser': 'False', 'no_print': 'None', 'quiet': 'False', 'empty': 'None', 'warn_error_options': 'WarnErrorOptions(include=[], exclude=[])', 'introspect': 'True', 'invocation_command': 'dbt init my_project', 'log_format': 'default', 'target_path': 'None', 'static_parser': 'True', 'send_anonymous_usage_stats': 'True'}
[0m07:26:09.189505 [warn ] [MainThread]: [ConfigFolderDirectory]: Unable to parse logging event dictionary. Failed to parse dir field: expected string or bytes-like object, got 'PosixPath'.. Dictionary: {'dir': PosixPath('/root/.dbt')}
[0m07:26:09.190131 [info ] [MainThread]: Creating dbt configuration folder at 
[0m07:26:09.192645 [debug] [MainThread]: Starter project path: /usr/local/lib/python3.12/site-packages/dbt/include/starter_project
[0m07:26:09.199700 [info ] [MainThread]: 
Your new dbt project "my_project" was created!

For more information on how to configure the profiles.yml file,
please consult the dbt documentation here:

  https://docs.getdbt.com/docs/configure-your-profile

One more thing:

Need help? Don't hesitate to reach out to us via GitHub issues or on Slack:

  https://community.getdbt.com/

Happy modeling!

[0m07:26:09.200333 [info ] [MainThread]: Setting up your profile.
[0m07:27:05.454860 [info ] [MainThread]: Profile my_project written to /root/.dbt/profiles.yml using target's profile_template.yml and your supplied values. Run 'dbt debug' to validate the connection.
[0m07:27:05.457684 [debug] [MainThread]: Resource report: {"command_name": "init", "command_success": true, "command_wall_clock_time": 56.372707, "process_in_blocks": "192", "process_kernel_time": 0.292297, "process_mem_max_rss": "92836", "process_out_blocks": "1544", "process_user_time": 1.21141}
[0m07:27:05.458597 [debug] [MainThread]: Command `dbt init` succeeded at 07:27:05.458415 after 56.37 seconds
[0m07:27:05.459165 [debug] [MainThread]: Sending event: {'category': 'dbt', 'action': 'invocation', 'label': 'end', 'context': [<snowplow_tracker.self_describing_json.SelfDescribingJson object at 0x7860aa41f3b0>, <snowplow_tracker.self_describing_json.SelfDescribingJson object at 0x7860aa532840>, <snowplow_tracker.self_describing_json.SelfDescribingJson object at 0x7860aa8e9a00>]}
[0m07:27:05.459752 [debug] [MainThread]: Flushing usage events
[0m07:27:06.722164 [debug] [MainThread]: An error was encountered while trying to flush usage events
[0m07:27:30.018125 [debug] [MainThread]: Sending event: {'category': 'dbt', 'action': 'invocation', 'label': 'start', 'context': [<snowplow_tracker.self_describing_json.SelfDescribingJson object at 0x7fb8bfbfd9d0>, <snowplow_tracker.self_describing_json.SelfDescribingJson object at 0x7fb8be154b60>, <snowplow_tracker.self_describing_json.SelfDescribingJson object at 0x7fb8be8c7980>]}


============================== 07:27:30.026016 | a66e9bb3-a590-4095-8d64-d8428d52260c ==============================
[0m07:27:30.026016 [info ] [MainThread]: Running with dbt=1.9.0
[0m07:27:30.026599 [debug] [MainThread]: running dbt with arguments {'printer_width': '80', 'indirect_selection': 'eager', 'log_cache_events': 'False', 'write_json': 'True', 'partial_parse': 'True', 'cache_selected_only': 'False', 'profiles_dir': '/root/.dbt', 'fail_fast': 'False', 'debug': 'False', 'log_path': 'logs', 'version_check': 'True', 'warn_error': 'None', 'use_colors': 'True', 'use_experimental_parser': 'False', 'no_print': 'None', 'quiet': 'False', 'empty': 'None', 'warn_error_options': 'WarnErrorOptions(include=[], exclude=[])', 'invocation_command': 'dbt debug', 'introspect': 'True', 'static_parser': 'True', 'target_path': 'None', 'log_format': 'default', 'send_anonymous_usage_stats': 'True'}
[0m07:27:30.079460 [info ] [MainThread]: dbt version: 1.9.0
[0m07:27:30.079902 [info ] [MainThread]: python version: 3.12.4
[0m07:27:30.080296 [info ] [MainThread]: python path: /usr/local/bin/python
[0m07:27:30.080797 [info ] [MainThread]: os info: Linux-6.18.33.2-microsoft-standard-WSL2-x86_64-with-glibc2.31
[0m07:27:30.081218 [info ] [MainThread]: Using profiles dir at /root/.dbt
[0m07:27:30.081536 [info ] [MainThread]: Using profiles.yml file at /root/.dbt/profiles.yml
[0m07:27:30.081843 [info ] [MainThread]: Using dbt_project.yml file at /usr/app/dbt_project.yml
[0m07:27:30.082171 [info ] [MainThread]: Configuration:
[0m07:27:30.082467 [info ] [MainThread]:   profiles.yml file [[31mERROR not found[0m]
[0m07:27:30.082793 [info ] [MainThread]:   dbt_project.yml file [[31mERROR not found[0m]
[0m07:27:30.083266 [info ] [MainThread]: Required dependencies:
[0m07:27:30.083699 [debug] [MainThread]: Executing "git --help"
[0m07:27:30.087071 [debug] [MainThread]: STDOUT: "b"usage: git [--version] [--help] [-C <path>] [-c <name>=<value>]\n           [--exec-path[=<path>]] [--html-path] [--man-path] [--info-path]\n           [-p | --paginate | -P | --no-pager] [--no-replace-objects] [--bare]\n           [--git-dir=<path>] [--work-tree=<path>] [--namespace=<name>]\n           <command> [<args>]\n\nThese are common Git commands used in various situations:\n\nstart a working area (see also: git help tutorial)\n   clone             Clone a repository into a new directory\n   init              Create an empty Git repository or reinitialize an existing one\n\nwork on the current change (see also: git help everyday)\n   add               Add file contents to the index\n   mv                Move or rename a file, a directory, or a symlink\n   restore           Restore working tree files\n   rm                Remove files from the working tree and from the index\n   sparse-checkout   Initialize and modify the sparse-checkout\n\nexamine the history and state (see also: git help revisions)\n   bisect            Use binary search to find the commit that introduced a bug\n   diff              Show changes between commits, commit and working tree, etc\n   grep              Print lines matching a pattern\n   log               Show commit logs\n   show              Show various types of objects\n   status            Show the working tree status\n\ngrow, mark and tweak your common history\n   branch            List, create, or delete branches\n   commit            Record changes to the repository\n   merge             Join two or more development histories together\n   rebase            Reapply commits on top of another base tip\n   reset             Reset current HEAD to the specified state\n   switch            Switch branches\n   tag               Create, list, delete or verify a tag object signed with GPG\n\ncollaborate (see also: git help workflows)\n   fetch             Download objects and refs from another repository\n   pull              Fetch from and integrate with another repository or a local branch\n   push              Update remote refs along with associated objects\n\n'git help -a' and 'git help -g' list available subcommands and some\nconcept guides. See 'git help <command>' or 'git help <concept>'\nto read about a specific subcommand or concept.\nSee 'git help git' for an overview of the system.\n""
[0m07:27:30.087587 [debug] [MainThread]: STDERR: "b''"
[0m07:27:30.087856 [info ] [MainThread]:  - git [[32mOK found[0m]

[0m07:27:30.088195 [info ] [MainThread]: Connection test skipped since no profile was found
[0m07:27:30.088652 [info ] [MainThread]: [31m2 checks failed:[0m
[0m07:27:30.089111 [info ] [MainThread]: dbt looked for a profiles.yml file in /root/.dbt/profiles.yml, but did
not find one. For more information on configuring your profile, consult the
documentation:

https://docs.getdbt.com/docs/configure-your-profile


[0m07:27:30.089537 [info ] [MainThread]: Project loading failed for the following reason:
 project path </usr/app/dbt_project.yml> not found

[0m07:27:30.090595 [debug] [MainThread]: Resource report: {"command_name": "debug", "command_success": false, "command_wall_clock_time": 0.11760068, "process_in_blocks": "0", "process_kernel_time": 0.385445, "process_mem_max_rss": "87472", "process_out_blocks": "1480", "process_user_time": 1.124215}
[0m07:27:30.091074 [debug] [MainThread]: Command `dbt debug` failed at 07:27:30.090972 after 0.12 seconds
[0m07:27:30.091419 [debug] [MainThread]: Sending event: {'category': 'dbt', 'action': 'invocation', 'label': 'end', 'context': [<snowplow_tracker.self_describing_json.SelfDescribingJson object at 0x7fb8be4072c0>, <snowplow_tracker.self_describing_json.SelfDescribingJson object at 0x7fb8be355c40>, <snowplow_tracker.self_describing_json.SelfDescribingJson object at 0x7fb8be355c70>]}
[0m07:27:30.091765 [debug] [MainThread]: Flushing usage events
[0m07:27:31.141442 [debug] [MainThread]: An error was encountered while trying to flush usage events
